../APP/WaveGenerator.c:62:27:WG_IDN	48	static
../APP/WaveGenerator.c:92:27:WG_TST	48	static
../APP/WaveGenerator.c:129:27:WG_ABOR	32	static
../APP/WaveGenerator.c:158:27:WG_INIT	16	static
../APP/WaveGenerator.c:177:27:WG_UPD	32	static
../APP/WaveGenerator.c:205:27:WG_KEEP	16	static
../APP/WaveGenerator.c:223:6:WG_Process_Data	24	static
../APP/WaveGenerator.c:257:6:WG_Initialice	56	static
../APP/WaveGenerator.c:345:13:Reset_Own_Vars	8	static
../APP/WaveGenerator.c:364:6:WG_Update_Test_Step	8	static
../APP/WaveGenerator.c:427:10:WG_Get_Frequency	4	static
../APP/WaveGenerator.c:436:7:WG_Get_Amplitude	4	static
../APP/WaveGenerator.c:445:10:WG_Get_ADC_Prescaler	4	static
../APP/WaveGenerator.c:454:6:WG_Store_Sample	16	static
../APP/WaveGenerator.c:464:10:WG_Get_Index_of_Sample	4	static
../APP/WaveGenerator.c:473:10:WG_Get_ADC_Sample_Count	4	static
../APP/WaveGenerator.c:482:6:WG_Set_ADC_Sample_Count	16	static
