../APP/WaveGenerator.c:64:27:WG_IDN	48	static
../APP/WaveGenerator.c:94:27:WG_TST	48	static
../APP/WaveGenerator.c:131:27:WG_ABOR	32	static
../APP/WaveGenerator.c:160:27:WG_INIT	16	static
../APP/WaveGenerator.c:179:27:WG_UPD	16	static
../APP/WaveGenerator.c:210:27:WG_KEEP	16	static
../APP/WaveGenerator.c:228:6:WG_Process_Data	24	static
../APP/WaveGenerator.c:262:6:WG_Initialice	56	static
../APP/WaveGenerator.c:351:13:Reset_Own_Vars	8	static
../APP/WaveGenerator.c:367:6:WG_Update_Test_Step	8	static
../APP/WaveGenerator.c:412:10:WG_Get_Frequency	4	static
../APP/WaveGenerator.c:421:7:WG_Get_Amplitude	4	static
../APP/WaveGenerator.c:430:10:WG_Get_ADC_Prescaler	4	static
../APP/WaveGenerator.c:439:6:WG_Store_Sample	16	static
../APP/WaveGenerator.c:449:10:WG_Get_Index_of_Sample	16	static
../APP/WaveGenerator.c:458:10:WG_Get_ADC_Sample_Count	4	static
../APP/WaveGenerator.c:467:6:WG_Set_ADC_Sample_Count	16	static
